// Vitest Snapshot v1, https://vitest.dev/guide/snapshot.html

exports[`dom test > testing-library/jest-dom 1`] = `
<div
  id="adm-mask"
/>
`;
